// Jest Snapshot v1, https://goo.gl/fbAQLP

exports[`Popover footer passes props correctly 1`] = `
<div
  className="lui-popover__footer my-class"
  data-x="x"
  title="Footer title"
>
  Footer title
</div>
`;

exports[`Popover footer renders correctly 1`] = `
<div
  className="lui-popover__footer"
>
  Footer content
</div>
`;

exports[`Popover footer with buttons 1`] = `
<div
  className="lui-popover__footer lui-nopad"
>
  <button
    className="lui-button lui-popover__button undefined"
    type="button"
  >
    Button 1
  </button>
  <button
    className="lui-button lui-popover__button undefined"
    type="button"
  >
    Button 2
  </button>
</div>
`;
