// Jest Snapshot v1, https://goo.gl/fbAQLP

exports[`Empty InputGroup renders correctly 1`] = `
<div
  className="lui-input-group"
/>
`;

exports[`InputGroup passes props correctly 1`] = `
<div
  className="lui-input-group my-class"
  data-x="x"
  onClick={[MockFunction]}
  title="title"
/>
`;

exports[`InputGroup with items renders correctly 1`] = `
<div
  className="lui-input-group"
>
  <input
    className="lui-input lui-input-group__item  lui-input-group__input"
    value="Value"
  />
  <button
    className="lui-button lui-input-group__item  lui-input-group__button"
    type="button"
  >
    Text
  </button>
</div>
`;
