// Jest Snapshot v1, https://goo.gl/fbAQLP

exports[`Button from dist file renders correctly 1`] = `
<button
  className="lui-button"
  type="button"
>
  Text
</button>
`;

exports[`Input from dist file renders correctly 1`] = `
<input
  className="lui-input"
  value="Value"
/>
`;
