// Jest Snapshot v1, https://goo.gl/fbAQLP

exports[`Empty tab renders correctly 1`] = `
<li
  className="lui-tab"
/>
`;

exports[`Empty tabset renders correctly 1`] = `
<ul
  className="lui-tabset"
/>
`;

exports[`Tab with modifiers renders correctly 1`] = `
<li
  className="lui-tab lui-tab--inverse"
/>
`;

exports[`Tab with states renders correctly 1`] = `
<li
  className="lui-tab lui-active lui-disabled"
/>
`;

exports[`Tabset passes props correctly 1`] = `
<ul
  className="lui-tabset my-class"
  data-x="x"
>
  <li
    className="lui-tab"
    data-x="x"
    onClick={[MockFunction]}
    title="Item title"
  >
    Item 1
  </li>
</ul>
`;

exports[`Tabset with complex items renders correctly 1`] = `
<ul
  className="lui-tabset"
>
  <li
    className="lui-tab"
  >
    <div
      className="lui-tab__aside"
    >
      Aside 1
    </div>
    <div
      className="lui-tab__text"
    >
      Text 1
    </div>
  </li>
  <li
    className="lui-tab"
  >
    <div
      className="lui-tab__text"
    >
      Text 2
    </div>
    <div
      className="lui-tab__aside"
    >
      Aside 2
    </div>
  </li>
</ul>
`;

exports[`Tabset with modifiers renders correctly 1`] = `
<ul
  className="lui-tabset lui-tabset--inverse lui-tabset--fill"
/>
`;

exports[`Tabset with simple items renders correctly 1`] = `
<ul
  className="lui-tabset"
>
  <li
    className="lui-tab"
  >
    Item 1
  </li>
  <li
    className="lui-tab"
  >
    Item 2
  </li>
</ul>
`;
